------------------------------------------------------------
Timing Analyzer Summary
------------------------------------------------------------

Type  : Slow 1200mV 85C Model Setup 'FSM:FSMUnit|pState.rns'
Slack : -5.749
TNS   : -43.443

Type  : Slow 1200mV 85C Model Setup 'FSM:FSMUnit|pState.idle'
Slack : -4.188
TNS   : -19.343

Type  : Slow 1200mV 85C Model Setup 'CLOCK_50'
Slack : -3.530
TNS   : -277.111

Type  : Slow 1200mV 85C Model Setup 'FSM:FSMUnit|cycle'
Slack : -2.887
TNS   : -2.887

Type  : Slow 1200mV 85C Model Hold 'CLOCK_50'
Slack : 0.423
TNS   : 0.000

Type  : Slow 1200mV 85C Model Hold 'FSM:FSMUnit|pState.rns'
Slack : 0.675
TNS   : 0.000

Type  : Slow 1200mV 85C Model Hold 'FSM:FSMUnit|pState.idle'
Slack : 1.679
TNS   : 0.000

Type  : Slow 1200mV 85C Model Hold 'FSM:FSMUnit|cycle'
Slack : 2.573
TNS   : 0.000

Type  : Slow 1200mV 85C Model Minimum Pulse Width 'CLOCK_50'
Slack : -3.000
TNS   : -135.355

Type  : Slow 1200mV 85C Model Minimum Pulse Width 'FSM:FSMUnit|pState.idle'
Slack : 0.382
TNS   : 0.000

Type  : Slow 1200mV 85C Model Minimum Pulse Width 'FSM:FSMUnit|cycle'
Slack : 0.417
TNS   : 0.000

Type  : Slow 1200mV 85C Model Minimum Pulse Width 'FSM:FSMUnit|pState.rns'
Slack : 0.435
TNS   : 0.000

Type  : Slow 1200mV 0C Model Setup 'FSM:FSMUnit|pState.rns'
Slack : -5.379
TNS   : -40.755

Type  : Slow 1200mV 0C Model Setup 'FSM:FSMUnit|pState.idle'
Slack : -3.913
TNS   : -17.354

Type  : Slow 1200mV 0C Model Setup 'CLOCK_50'
Slack : -3.168
TNS   : -245.254

Type  : Slow 1200mV 0C Model Setup 'FSM:FSMUnit|cycle'
Slack : -2.543
TNS   : -2.543

Type  : Slow 1200mV 0C Model Hold 'CLOCK_50'
Slack : 0.383
TNS   : 0.000

Type  : Slow 1200mV 0C Model Hold 'FSM:FSMUnit|pState.rns'
Slack : 0.617
TNS   : 0.000

Type  : Slow 1200mV 0C Model Hold 'FSM:FSMUnit|pState.idle'
Slack : 1.696
TNS   : 0.000

Type  : Slow 1200mV 0C Model Hold 'FSM:FSMUnit|cycle'
Slack : 2.358
TNS   : 0.000

Type  : Slow 1200mV 0C Model Minimum Pulse Width 'CLOCK_50'
Slack : -3.000
TNS   : -135.355

Type  : Slow 1200mV 0C Model Minimum Pulse Width 'FSM:FSMUnit|cycle'
Slack : 0.272
TNS   : 0.000

Type  : Slow 1200mV 0C Model Minimum Pulse Width 'FSM:FSMUnit|pState.idle'
Slack : 0.334
TNS   : 0.000

Type  : Slow 1200mV 0C Model Minimum Pulse Width 'FSM:FSMUnit|pState.rns'
Slack : 0.334
TNS   : 0.000

Type  : Fast 1200mV 0C Model Setup 'FSM:FSMUnit|pState.rns'
Slack : -2.671
TNS   : -18.549

Type  : Fast 1200mV 0C Model Setup 'FSM:FSMUnit|pState.idle'
Slack : -1.771
TNS   : -7.479

Type  : Fast 1200mV 0C Model Setup 'CLOCK_50'
Slack : -1.211
TNS   : -86.591

Type  : Fast 1200mV 0C Model Setup 'FSM:FSMUnit|cycle'
Slack : -1.119
TNS   : -1.119

Type  : Fast 1200mV 0C Model Hold 'CLOCK_50'
Slack : 0.148
TNS   : 0.000

Type  : Fast 1200mV 0C Model Hold 'FSM:FSMUnit|pState.rns'
Slack : 0.377
TNS   : 0.000

Type  : Fast 1200mV 0C Model Hold 'FSM:FSMUnit|pState.idle'
Slack : 0.590
TNS   : 0.000

Type  : Fast 1200mV 0C Model Hold 'FSM:FSMUnit|cycle'
Slack : 1.445
TNS   : 0.000

Type  : Fast 1200mV 0C Model Minimum Pulse Width 'CLOCK_50'
Slack : -3.000
TNS   : -112.301

Type  : Fast 1200mV 0C Model Minimum Pulse Width 'FSM:FSMUnit|cycle'
Slack : 0.197
TNS   : 0.000

Type  : Fast 1200mV 0C Model Minimum Pulse Width 'FSM:FSMUnit|pState.idle'
Slack : 0.357
TNS   : 0.000

Type  : Fast 1200mV 0C Model Minimum Pulse Width 'FSM:FSMUnit|pState.rns'
Slack : 0.366
TNS   : 0.000

------------------------------------------------------------
