------------------------------------------------------------
Timing Analyzer Summary
------------------------------------------------------------

Type  : Slow 1200mV 85C Model Setup 'CLOCK_50'
Slack : -5.114
TNS   : -313.146

Type  : Slow 1200mV 85C Model Setup 'FSM:FSMUnit|pState.idle'
Slack : -2.897
TNS   : -19.845

Type  : Slow 1200mV 85C Model Setup 'FSM:FSMUnit|cycle'
Slack : -2.248
TNS   : -2.248

Type  : Slow 1200mV 85C Model Hold 'CLOCK_50'
Slack : 0.273
TNS   : 0.000

Type  : Slow 1200mV 85C Model Hold 'FSM:FSMUnit|pState.idle'
Slack : 0.714
TNS   : 0.000

Type  : Slow 1200mV 85C Model Hold 'FSM:FSMUnit|cycle'
Slack : 1.875
TNS   : 0.000

Type  : Slow 1200mV 85C Model Minimum Pulse Width 'CLOCK_50'
Slack : -3.000
TNS   : -135.355

Type  : Slow 1200mV 85C Model Minimum Pulse Width 'FSM:FSMUnit|cycle'
Slack : 0.417
TNS   : 0.000

Type  : Slow 1200mV 85C Model Minimum Pulse Width 'FSM:FSMUnit|pState.idle'
Slack : 0.439
TNS   : 0.000

Type  : Slow 1200mV 0C Model Setup 'CLOCK_50'
Slack : -4.725
TNS   : -278.315

Type  : Slow 1200mV 0C Model Setup 'FSM:FSMUnit|pState.idle'
Slack : -2.556
TNS   : -17.654

Type  : Slow 1200mV 0C Model Setup 'FSM:FSMUnit|cycle'
Slack : -1.978
TNS   : -1.978

Type  : Slow 1200mV 0C Model Hold 'CLOCK_50'
Slack : 0.189
TNS   : 0.000

Type  : Slow 1200mV 0C Model Hold 'FSM:FSMUnit|pState.idle'
Slack : 0.673
TNS   : 0.000

Type  : Slow 1200mV 0C Model Hold 'FSM:FSMUnit|cycle'
Slack : 1.746
TNS   : 0.000

Type  : Slow 1200mV 0C Model Minimum Pulse Width 'CLOCK_50'
Slack : -3.000
TNS   : -135.355

Type  : Slow 1200mV 0C Model Minimum Pulse Width 'FSM:FSMUnit|pState.idle'
Slack : 0.399
TNS   : 0.000

Type  : Slow 1200mV 0C Model Minimum Pulse Width 'FSM:FSMUnit|cycle'
Slack : 0.430
TNS   : 0.000

Type  : Fast 1200mV 0C Model Setup 'CLOCK_50'
Slack : -2.126
TNS   : -101.689

Type  : Fast 1200mV 0C Model Setup 'FSM:FSMUnit|pState.idle'
Slack : -1.109
TNS   : -5.995

Type  : Fast 1200mV 0C Model Setup 'FSM:FSMUnit|cycle'
Slack : -0.752
TNS   : -0.752

Type  : Fast 1200mV 0C Model Hold 'CLOCK_50'
Slack : 0.105
TNS   : 0.000

Type  : Fast 1200mV 0C Model Hold 'FSM:FSMUnit|pState.idle'
Slack : 0.206
TNS   : 0.000

Type  : Fast 1200mV 0C Model Hold 'FSM:FSMUnit|cycle'
Slack : 1.049
TNS   : 0.000

Type  : Fast 1200mV 0C Model Minimum Pulse Width 'CLOCK_50'
Slack : -3.000
TNS   : -112.273

Type  : Fast 1200mV 0C Model Minimum Pulse Width 'FSM:FSMUnit|pState.idle'
Slack : 0.359
TNS   : 0.000

Type  : Fast 1200mV 0C Model Minimum Pulse Width 'FSM:FSMUnit|cycle'
Slack : 0.412
TNS   : 0.000

------------------------------------------------------------
